// Jest Snapshot v1, https://goo.gl/fbAQLP

exports[`compares against snapshot 1`] = `[Function]`;
